******************************************************************************
             TMS320C2000 Linker PC v6.4.6                      
******************************************************************************
>> Linked Sat Jul 02 10:03:42 2016

OUTPUT FILE NAME:   <Example_2806xEPwmUpDownAQ.out>
ENTRY POINT SYMBOL: "code_start"  address: 00000000


MEMORY CONFIGURATION

         name            origin    length      used     unused   attr    fill
----------------------  --------  ---------  --------  --------  ----  --------
PAGE 0:
  BEGIN                 00000000   00000002  00000002  00000000  RWIX
  RAMM0                 00000050   000003b0  0000029a  00000116  RWIX
  RAML0_L3              00008000   00002000  00001aaa  00000556  RWIX
  FPUTABLES             003fd860   000006a0  00000000  000006a0  RWIX
  IQTABLES              003fdf00   00000b50  00000000  00000b50  RWIX
  IQTABLES2             003fea50   0000008c  00000000  0000008c  RWIX
  IQTABLES3             003feadc   000000aa  00000000  000000aa  RWIX
  BOOTROM               003ff3b0   00000c10  00000000  00000c10  RWIX
  RESET                 003fffc0   00000002  00000000  00000002  RWIX

PAGE 1:
  BOOT_RSVD             00000002   0000004e  00000000  0000004e  RWIX
  RAMM1                 00000400   00000400  00000200  00000200  RWIX
  DEV_EMU               00000880   00000105  00000004  00000101  RWIX
  SYS_PWR_CTL           00000985   00000003  00000003  00000000  RWIX
  FLASH_REGS            00000a80   00000060  00000008  00000058  RWIX
  CSM                   00000ae0   00000020  00000010  00000010  RWIX
  ADC_RESULT            00000b00   00000020  00000010  00000010  RWIX
  CPU_TIMER0            00000c00   00000008  00000008  00000000  RWIX
  CPU_TIMER1            00000c08   00000008  00000008  00000000  RWIX
  CPU_TIMER2            00000c10   00000008  00000008  00000000  RWIX
  PIE_CTRL              00000ce0   00000020  0000001a  00000006  RWIX
  PIE_VECT              00000d00   00000100  00000100  00000000  RWIX
  DMA                   00001000   00000200  000000e0  00000120  RWIX
  CLA1                  00001400   00000080  00000040  00000040  RWIX
  USB0                  00004000   00001000  00000454  00000bac  RWIX
  McBSPA                00005000   00000040  00000024  0000001c  RWIX
  ECANA                 00006000   00000040  00000034  0000000c  RWIX
  ECANA_LAM             00006040   00000040  00000040  00000000  RWIX
  ECANA_MOTS            00006080   00000040  00000040  00000000  RWIX
  ECANA_MOTO            000060c0   00000040  00000040  00000000  RWIX
  ECANA_MBOX            00006100   00000100  00000100  00000000  RWIX
  COMP1                 00006400   00000020  00000014  0000000c  RWIX
  COMP2                 00006420   00000020  00000014  0000000c  RWIX
  COMP3                 00006440   00000020  00000014  0000000c  RWIX
  EPWM1                 00006800   00000040  00000040  00000000  RWIX
  EPWM2                 00006840   00000040  00000040  00000000  RWIX
  EPWM3                 00006880   00000040  00000040  00000000  RWIX
  EPWM4                 000068c0   00000040  00000040  00000000  RWIX
  EPWM5                 00006900   00000040  00000040  00000000  RWIX
  EPWM6                 00006940   00000040  00000040  00000000  RWIX
  EPWM7                 00006980   00000040  00000040  00000000  RWIX
  EPWM8                 000069c0   00000040  00000040  00000000  RWIX
  ECAP1                 00006a00   00000020  00000020  00000000  RWIX
  ECAP2                 00006a20   00000020  00000020  00000000  RWIX
  ECAP3                 00006a40   00000020  00000020  00000000  RWIX
  HRCAP1                00006ac0   00000020  00000020  00000000  RWIX
  HRCAP2                00006ae0   00000020  00000020  00000000  RWIX
  EQEP1                 00006b00   00000040  00000022  0000001e  RWIX
  EQEP2                 00006b40   00000040  00000022  0000001e  RWIX
  HRCAP3                00006c80   00000020  00000020  00000000  RWIX
  HRCAP4                00006ca0   00000020  00000020  00000000  RWIX
  GPIOCTRL              00006f80   00000040  00000040  00000000  RWIX
  GPIODAT               00006fc0   00000020  00000020  00000000  RWIX
  GPIOINT               00006fe0   00000020  00000020  00000000  RWIX
  SYSTEM                00007010   00000030  00000030  00000000  RWIX
  SPIA                  00007040   00000010  00000010  00000000  RWIX
  SCIA                  00007050   00000010  00000010  00000000  RWIX
  NMIINTRUPT            00007060   00000010  00000010  00000000  RWIX
  XINTRUPT              00007070   00000010  00000010  00000000  RWIX
  ADC                   00007100   00000080  00000050  00000030  RWIX
  SPIB                  00007740   00000010  00000010  00000000  RWIX
  SCIB                  00007750   00000010  00000010  00000000  RWIX
  I2CA                  00007900   00000040  00000022  0000001e  RWIX
  RAML4                 0000a000   00002000  00001ee0  00000120  RWIX
  RAML5                 0000c000   00002000  00000000  00002000  RWIX
  RAML6                 0000e000   00002000  00000000  00002000  RWIX
  RAML7                 00010000   00002000  00000000  00002000  RWIX
  RAML8                 00012000   00002000  00000000  00002000  RWIX
  USB_RAM               00040000   00000800  00000000  00000800  RWIX
  PARTID                003d7e80   00000001  00000001  00000000  RWIX
  CSM_PWL               003f7ff8   00000008  00000008  00000000  RWIX


SECTION ALLOCATION MAP

 output                                  attributes/
section   page    origin      length       input sections
--------  ----  ----------  ----------   ----------------
codestart 
*          0    00000000    00000002     
                  00000000    00000002     F2806x_CodeStartBranch.obj (codestart)

.cinit     0    00000050    00000296     
                  00000050    00000280     Example_2806xEPwmUpDownAQ.obj (.cinit)
                  000002d0    0000000a     rts2800_fpu32.lib : exit.obj (.cinit)
                  000002da    00000005                       : _lock.obj (.cinit:__lock)
                  000002df    00000005                       : _lock.obj (.cinit:__unlock)
                  000002e4    00000002     --HOLE-- [fill = 0]

ramfuncs   0    000002e6    00000004     
                  000002e6    00000004     F2806x_usDelay.obj (ramfuncs)

.text      0    00008000    00001aaa     
                  00008000    00000e38     Example_2806xEPwmUpDownAQ.obj (.text:retain)
                  00008e38    0000055f     Example_2806xEPwmUpDownAQ.obj (.text)
                  00009397    0000039b     F2806x_DefaultIsr.obj (.text:retain)
                  00009732    0000018c     F2806x_SysCtrl.obj (.text)
                  000098be    000000d8     F2806x_EPwm.obj (.text)
                  00009996    00000046     rts2800_fpu32.lib : boot.obj (.text)
                  000099dc    00000028     F2806x_PieCtrl.obj (.text)
                  00009a04    00000028     F2806x_PieVect.obj (.text)
                  00009a2c    00000022     rts2800_fpu32.lib : i_div.obj (.text)
                  00009a4e    00000019                       : args_main.obj (.text)
                  00009a67    00000019                       : exit.obj (.text)
                  00009a80    00000019     rts2800_fpu32_fast_supplement.lib : div_f32.obj (.text)
                  00009a99    00000009     rts2800_fpu32.lib : _lock.obj (.text)
                  00009aa2    00000008     F2806x_CodeStartBranch.obj (.text)

.pinit     0    00000050    00000000     UNINITIALIZED

.reset     0    003fffc0    00000002     DSECT
                  003fffc0    00000002     rts2800_fpu32.lib : boot.obj (.reset)

.stack     1    00000400    00000200     UNINITIALIZED
                  00000400    00000200     --HOLE--

DevEmuRegsFile 
*          1    00000880    00000004     UNINITIALIZED
                  00000880    00000004     F2806x_GlobalVariableDefs.obj (DevEmuRegsFile)

SysPwrCtrlRegsFile 
*          1    00000985    00000003     UNINITIALIZED
                  00000985    00000003     F2806x_GlobalVariableDefs.obj (SysPwrCtrlRegsFile)

FlashRegsFile 
*          1    00000a80    00000008     UNINITIALIZED
                  00000a80    00000008     F2806x_GlobalVariableDefs.obj (FlashRegsFile)

CsmRegsFile 
*          1    00000ae0    00000010     UNINITIALIZED
                  00000ae0    00000010     F2806x_GlobalVariableDefs.obj (CsmRegsFile)

AdcResultFile 
*          1    00000b00    00000010     UNINITIALIZED
                  00000b00    00000010     F2806x_GlobalVariableDefs.obj (AdcResultFile)

CpuTimer0RegsFile 
*          1    00000c00    00000008     UNINITIALIZED
                  00000c00    00000008     F2806x_GlobalVariableDefs.obj (CpuTimer0RegsFile)

CpuTimer1RegsFile 
*          1    00000c08    00000008     UNINITIALIZED
                  00000c08    00000008     F2806x_GlobalVariableDefs.obj (CpuTimer1RegsFile)

CpuTimer2RegsFile 
*          1    00000c10    00000008     UNINITIALIZED
                  00000c10    00000008     F2806x_GlobalVariableDefs.obj (CpuTimer2RegsFile)

PieCtrlRegsFile 
*          1    00000ce0    0000001a     UNINITIALIZED
                  00000ce0    0000001a     F2806x_GlobalVariableDefs.obj (PieCtrlRegsFile)

PieVectTableFile 
*          1    00000d00    00000100     UNINITIALIZED
                  00000d00    00000100     F2806x_GlobalVariableDefs.obj (PieVectTableFile)

EmuKeyVar 
*          1    00000d00    00000001     UNINITIALIZED
                  00000d00    00000001     F2806x_GlobalVariableDefs.obj (EmuKeyVar)

EmuBModeVar 
*          1    00000d01    00000001     UNINITIALIZED
                  00000d01    00000001     F2806x_GlobalVariableDefs.obj (EmuBModeVar)

FlashCallbackVar 
*          1    00000d02    00000002     UNINITIALIZED
                  00000d02    00000002     F2806x_GlobalVariableDefs.obj (FlashCallbackVar)

FlashScalingVar 
*          1    00000d04    00000002     UNINITIALIZED
                  00000d04    00000002     F2806x_GlobalVariableDefs.obj (FlashScalingVar)

DmaRegsFile 
*          1    00001000    000000e0     UNINITIALIZED
                  00001000    000000e0     F2806x_GlobalVariableDefs.obj (DmaRegsFile)

Cla1RegsFile 
*          1    00001400    00000040     UNINITIALIZED
                  00001400    00000040     F2806x_GlobalVariableDefs.obj (Cla1RegsFile)

Usb0RegsFile 
*          1    00004000    00000454     UNINITIALIZED
                  00004000    00000454     F2806x_GlobalVariableDefs.obj (Usb0RegsFile)

McbspaRegsFile 
*          1    00005000    00000024     UNINITIALIZED
                  00005000    00000024     F2806x_GlobalVariableDefs.obj (McbspaRegsFile)

ECanaRegsFile 
*          1    00006000    00000034     UNINITIALIZED
                  00006000    00000034     F2806x_GlobalVariableDefs.obj (ECanaRegsFile)

ECanaLAMRegsFile 
*          1    00006040    00000040     UNINITIALIZED
                  00006040    00000040     F2806x_GlobalVariableDefs.obj (ECanaLAMRegsFile)

ECanaMOTSRegsFile 
*          1    00006080    00000040     UNINITIALIZED
                  00006080    00000040     F2806x_GlobalVariableDefs.obj (ECanaMOTSRegsFile)

ECanaMOTORegsFile 
*          1    000060c0    00000040     UNINITIALIZED
                  000060c0    00000040     F2806x_GlobalVariableDefs.obj (ECanaMOTORegsFile)

ECanaMboxesFile 
*          1    00006100    00000100     UNINITIALIZED
                  00006100    00000100     F2806x_GlobalVariableDefs.obj (ECanaMboxesFile)

Comp1RegsFile 
*          1    00006400    00000014     UNINITIALIZED
                  00006400    00000014     F2806x_GlobalVariableDefs.obj (Comp1RegsFile)

Comp2RegsFile 
*          1    00006420    00000014     UNINITIALIZED
                  00006420    00000014     F2806x_GlobalVariableDefs.obj (Comp2RegsFile)

Comp3RegsFile 
*          1    00006440    00000014     UNINITIALIZED
                  00006440    00000014     F2806x_GlobalVariableDefs.obj (Comp3RegsFile)

EPwm1RegsFile 
*          1    00006800    00000040     UNINITIALIZED
                  00006800    00000040     F2806x_GlobalVariableDefs.obj (EPwm1RegsFile)

EPwm2RegsFile 
*          1    00006840    00000040     UNINITIALIZED
                  00006840    00000040     F2806x_GlobalVariableDefs.obj (EPwm2RegsFile)

EPwm3RegsFile 
*          1    00006880    00000040     UNINITIALIZED
                  00006880    00000040     F2806x_GlobalVariableDefs.obj (EPwm3RegsFile)

EPwm4RegsFile 
*          1    000068c0    00000040     UNINITIALIZED
                  000068c0    00000040     F2806x_GlobalVariableDefs.obj (EPwm4RegsFile)

EPwm5RegsFile 
*          1    00006900    00000040     UNINITIALIZED
                  00006900    00000040     F2806x_GlobalVariableDefs.obj (EPwm5RegsFile)

EPwm6RegsFile 
*          1    00006940    00000040     UNINITIALIZED
                  00006940    00000040     F2806x_GlobalVariableDefs.obj (EPwm6RegsFile)

EPwm7RegsFile 
*          1    00006980    00000040     UNINITIALIZED
                  00006980    00000040     F2806x_GlobalVariableDefs.obj (EPwm7RegsFile)

EPwm8RegsFile 
*          1    000069c0    00000040     UNINITIALIZED
                  000069c0    00000040     F2806x_GlobalVariableDefs.obj (EPwm8RegsFile)

ECap1RegsFile 
*          1    00006a00    00000020     UNINITIALIZED
                  00006a00    00000020     F2806x_GlobalVariableDefs.obj (ECap1RegsFile)

ECap2RegsFile 
*          1    00006a20    00000020     UNINITIALIZED
                  00006a20    00000020     F2806x_GlobalVariableDefs.obj (ECap2RegsFile)

ECap3RegsFile 
*          1    00006a40    00000020     UNINITIALIZED
                  00006a40    00000020     F2806x_GlobalVariableDefs.obj (ECap3RegsFile)

HRCap1RegsFile 
*          1    00006ac0    00000020     UNINITIALIZED
                  00006ac0    00000020     F2806x_GlobalVariableDefs.obj (HRCap1RegsFile)

HRCap2RegsFile 
*          1    00006ae0    00000020     UNINITIALIZED
                  00006ae0    00000020     F2806x_GlobalVariableDefs.obj (HRCap2RegsFile)

EQep1RegsFile 
*          1    00006b00    00000022     UNINITIALIZED
                  00006b00    00000022     F2806x_GlobalVariableDefs.obj (EQep1RegsFile)

EQep2RegsFile 
*          1    00006b40    00000022     UNINITIALIZED
                  00006b40    00000022     F2806x_GlobalVariableDefs.obj (EQep2RegsFile)

HRCap3RegsFile 
*          1    00006c80    00000020     UNINITIALIZED
                  00006c80    00000020     F2806x_GlobalVariableDefs.obj (HRCap3RegsFile)

HRCap4RegsFile 
*          1    00006ca0    00000020     UNINITIALIZED
                  00006ca0    00000020     F2806x_GlobalVariableDefs.obj (HRCap4RegsFile)

GpioCtrlRegsFile 
*          1    00006f80    00000040     UNINITIALIZED
                  00006f80    00000040     F2806x_GlobalVariableDefs.obj (GpioCtrlRegsFile)

GpioDataRegsFile 
*          1    00006fc0    00000020     UNINITIALIZED
                  00006fc0    00000020     F2806x_GlobalVariableDefs.obj (GpioDataRegsFile)

GpioIntRegsFile 
*          1    00006fe0    00000020     UNINITIALIZED
                  00006fe0    00000020     F2806x_GlobalVariableDefs.obj (GpioIntRegsFile)

SysCtrlRegsFile 
*          1    00007010    00000030     UNINITIALIZED
                  00007010    00000030     F2806x_GlobalVariableDefs.obj (SysCtrlRegsFile)

SpiaRegsFile 
*          1    00007040    00000010     UNINITIALIZED
                  00007040    00000010     F2806x_GlobalVariableDefs.obj (SpiaRegsFile)

SciaRegsFile 
*          1    00007050    00000010     UNINITIALIZED
                  00007050    00000010     F2806x_GlobalVariableDefs.obj (SciaRegsFile)

NmiIntruptRegsFile 
*          1    00007060    00000010     UNINITIALIZED
                  00007060    00000010     F2806x_GlobalVariableDefs.obj (NmiIntruptRegsFile)

XIntruptRegsFile 
*          1    00007070    00000010     UNINITIALIZED
                  00007070    00000010     F2806x_GlobalVariableDefs.obj (XIntruptRegsFile)

AdcRegsFile 
*          1    00007100    00000050     UNINITIALIZED
                  00007100    00000050     F2806x_GlobalVariableDefs.obj (AdcRegsFile)

SpibRegsFile 
*          1    00007740    00000010     UNINITIALIZED
                  00007740    00000010     F2806x_GlobalVariableDefs.obj (SpibRegsFile)

ScibRegsFile 
*          1    00007750    00000010     UNINITIALIZED
                  00007750    00000010     F2806x_GlobalVariableDefs.obj (ScibRegsFile)

I2caRegsFile 
*          1    00007900    00000022     UNINITIALIZED
                  00007900    00000022     F2806x_GlobalVariableDefs.obj (I2caRegsFile)

.ebss      1    0000a000    00001dd8     UNINITIALIZED
                  0000a000    00001dd0     Example_2806xEPwmUpDownAQ.obj (.ebss)
                  0000bdd0    00000004     rts2800_fpu32.lib : exit.obj (.ebss)
                  0000bdd4    00000002                       : _lock.obj (.ebss:__lock)
                  0000bdd6    00000002                       : _lock.obj (.ebss:__unlock)

.econst    1    0000bdd8    00000108     
                  0000bdd8    00000100     F2806x_PieVect.obj (.econst)
                  0000bed8    00000008     Example_2806xEPwmUpDownAQ.obj (.econst)

PartIdRegsFile 
*          1    003d7e80    00000001     UNINITIALIZED
                  003d7e80    00000001     F2806x_GlobalVariableDefs.obj (PartIdRegsFile)

CsmPwlFile 
*          1    003f7ff8    00000008     UNINITIALIZED
                  003f7ff8    00000008     F2806x_GlobalVariableDefs.obj (CsmPwlFile)


GLOBAL DATA SYMBOLS: SORTED BY DATA PAGE

address     data page           name
--------    ----------------    ----
00000400      10 (00000400)     __stack

00000880      22 (00000880)     _DevEmuRegs

00000985      26 (00000980)     _SysPwrCtrlRegs

00000a80      2a (00000a80)     _FlashRegs

00000ae0      2b (00000ac0)     _CsmRegs

00000b00      2c (00000b00)     _AdcResult

00000c00      30 (00000c00)     _CpuTimer0Regs
00000c08      30 (00000c00)     _CpuTimer1Regs
00000c10      30 (00000c00)     _CpuTimer2Regs

00000ce0      33 (00000cc0)     _PieCtrlRegs

00000d00      34 (00000d00)     _EmuKey
00000d00      34 (00000d00)     _PieVectTable
00000d01      34 (00000d00)     _EmuBMode
00000d02      34 (00000d00)     _Flash_CallbackPtr
00000d04      34 (00000d00)     _Flash_CPUScaleFactor

00001000      40 (00001000)     _DmaRegs

00001400      50 (00001400)     _Cla1Regs

00004000     100 (00004000)     _Usb0Regs

00005000     140 (00005000)     _McbspaRegs

00006000     180 (00006000)     _ECanaRegs

00006040     181 (00006040)     _ECanaLAMRegs

00006080     182 (00006080)     _ECanaMOTSRegs

000060c0     183 (000060c0)     _ECanaMOTORegs

00006100     184 (00006100)     _ECanaMboxes

00006400     190 (00006400)     _Comp1Regs
00006420     190 (00006400)     _Comp2Regs

00006440     191 (00006440)     _Comp3Regs

00006800     1a0 (00006800)     _EPwm1Regs

00006840     1a1 (00006840)     _EPwm2Regs

00006880     1a2 (00006880)     _EPwm3Regs

000068c0     1a3 (000068c0)     _EPwm4Regs

00006900     1a4 (00006900)     _EPwm5Regs

00006940     1a5 (00006940)     _EPwm6Regs

00006980     1a6 (00006980)     _EPwm7Regs

000069c0     1a7 (000069c0)     _EPwm8Regs

00006a00     1a8 (00006a00)     _ECap1Regs
00006a20     1a8 (00006a00)     _ECap2Regs

00006a40     1a9 (00006a40)     _ECap3Regs

00006ac0     1ab (00006ac0)     _HRCap1Regs
00006ae0     1ab (00006ac0)     _HRCap2Regs

00006b00     1ac (00006b00)     _EQep1Regs

00006b40     1ad (00006b40)     _EQep2Regs

00006c80     1b2 (00006c80)     _HRCap3Regs
00006ca0     1b2 (00006c80)     _HRCap4Regs

00006f80     1be (00006f80)     _GpioCtrlRegs

00006fc0     1bf (00006fc0)     _GpioDataRegs
00006fe0     1bf (00006fc0)     _GpioIntRegs

00007010     1c0 (00007000)     _SysCtrlRegs

00007040     1c1 (00007040)     _SpiaRegs
00007050     1c1 (00007040)     _SciaRegs
00007060     1c1 (00007040)     _NmiIntruptRegs
00007070     1c1 (00007040)     _XIntruptRegs

00007100     1c4 (00007100)     _AdcRegs

00007740     1dd (00007740)     _SpibRegs
00007750     1dd (00007740)     _ScibRegs

00007900     1e4 (00007900)     _I2caRegs

0000a000     280 (0000a000)     _GreenLEDSensorOldValue
0000a001     280 (0000a000)     _YellowLEDSensorOldValue
0000a002     280 (0000a000)     _YellowRisingCount
0000a003     280 (0000a000)     _PhaseDOnCountIndex
0000a004     280 (0000a000)     _i
0000a005     280 (0000a000)     _PhaseCOnCountIndex
0000a006     280 (0000a000)     _CurrentHysteresisCount
0000a007     280 (0000a000)     _RampCount
0000a008     280 (0000a000)     _VoltageHysteresisCount
0000a009     280 (0000a000)     _YellowLEDSensor
0000a00a     280 (0000a000)     _Mode
0000a00b     280 (0000a000)     _GreenLEDSensor
0000a00c     280 (0000a000)     _YellowFallingEdge
0000a00d     280 (0000a000)     _GreenRisingEdge
0000a00e     280 (0000a000)     _GreenFallingEdge
0000a00f     280 (0000a000)     _VoltageActualIndex
0000a010     280 (0000a000)     _TempIndex
0000a011     280 (0000a000)     _Current4ActualIndex
0000a012     280 (0000a000)     _PhaseAOnCountIndex
0000a013     280 (0000a000)     _PhaseBOnCountIndex
0000a014     280 (0000a000)     _GreenRisingCount
0000a015     280 (0000a000)     _GreenFallingCount
0000a016     280 (0000a000)     _YellowFallingCount
0000a017     280 (0000a000)     _YellowRisingEdge
0000a018     280 (0000a000)     _Current3SetpointReachedRegen
0000a019     280 (0000a000)     _Current4SetpointReachedRegen
0000a01a     280 (0000a000)     _Current2SetpointReachedRegen
0000a01b     280 (0000a000)     _CurrentSetpointCount4Old
0000a01c     280 (0000a000)     _Current1SetpointReachedRegen
0000a01d     280 (0000a000)     _CurrentSetpointCount3Old
0000a01e     280 (0000a000)     _HardChop1Count
0000a01f     280 (0000a000)     _SoftChop1Count
0000a020     280 (0000a000)     _Current4HighCount
0000a021     280 (0000a000)     _Current2HighCount
0000a022     280 (0000a000)     _Current3HighCount
0000a023     280 (0000a000)     _Current1HighCount
0000a024     280 (0000a000)     _count
0000a025     280 (0000a000)     _CurrentSetpointCount
0000a026     280 (0000a000)     _VoltageCorrectionCount
0000a027     280 (0000a000)     _VoltageControlCountInt
0000a028     280 (0000a000)     _TestVoltage
0000a029     280 (0000a000)     _VoltageSetpointCount
0000a02a     280 (0000a000)     _CurrentSetpointCount1Old
0000a02b     280 (0000a000)     _CurrentSetpointCount2Old
0000a02c     280 (0000a000)     _CurrentSetpointCount4
0000a02d     280 (0000a000)     _CurrentSetpointCount2
0000a02e     280 (0000a000)     _CurrentSetpointCount3
0000a02f     280 (0000a000)     _CurrentSetpointCount1
0000a030     280 (0000a000)     _Current2BuffIndex
0000a031     280 (0000a000)     _Current3BuffIndex
0000a032     280 (0000a000)     _WindSpeedIn
0000a033     280 (0000a000)     _Current1BuffIndex
0000a034     280 (0000a000)     _SetpointIndex
0000a035     280 (0000a000)     _PosMaxArrayIndex
0000a036     280 (0000a000)     _Current4BuffIndex
0000a037     280 (0000a000)     _Voltage1BuffIndex
0000a038     280 (0000a000)     _OldDir
0000a039     280 (0000a000)     _MPPTHillClimb
0000a03a     280 (0000a000)     _Dir
0000a03b     280 (0000a000)     _MPPTAuto
0000a03c     280 (0000a000)     _count5s
0000a03d     280 (0000a000)     _Scan1s
0000a03e     280 (0000a000)     _GreenRisingToRisingCount
0000a03f     280 (0000a000)     _Current1ActualIndex

0000a040     281 (0000a040)     _YellowRisingToRisingCount
0000a041     281 (0000a040)     _GreenCount
0000a042     281 (0000a040)     _YellowCount
0000a043     281 (0000a040)     _Current3ActualIndex
0000a044     281 (0000a040)     _Current2ActualIndex
0000a046     281 (0000a040)     _GreenRisingToFallingCount
0000a048     281 (0000a040)     _YellowRisingToFallingCount
0000a04a     281 (0000a040)     _GearRatio
0000a04c     281 (0000a040)     _WTRadius
0000a04e     281 (0000a040)     _ChopperPWMDutyPreviousAvg
0000a050     281 (0000a040)     _ChopperPWMDutyFinalAvg
0000a052     281 (0000a040)     _ChopperPWMDutyCurrentAvg
0000a054     281 (0000a040)     _ChopperPWMDutySummation
0000a056     281 (0000a040)     _ChopperPWMDutySumCount
0000a058     281 (0000a040)     _WTLamda
0000a05a     281 (0000a040)     _WindSpeed
0000a05c     281 (0000a040)     _YellowOFFCount
0000a05e     281 (0000a040)     _GreenOFFCount
0000a060     281 (0000a040)     _GreenONCount
0000a062     281 (0000a040)     _YellowONCount
0000a064     281 (0000a040)     _OldLoadPowerPWM
0000a066     281 (0000a040)     _WindSpeedv1
0000a068     281 (0000a040)     _WindSpeedv2
0000a06a     281 (0000a040)     _OldRPMSpeedSetpoint
0000a06c     281 (0000a040)     _MPPTConstant
0000a06e     281 (0000a040)     _MPPTSpeedError
0000a070     281 (0000a040)     _CorrectedRPM
0000a072     281 (0000a040)     _RPS
0000a074     281 (0000a040)     _CurrentLimit
0000a076     281 (0000a040)     _VoltageHysteresisVolts
0000a078     281 (0000a040)     _RPM
0000a07a     281 (0000a040)     _Position64
0000a07c     281 (0000a040)     _MeanCountFor60DegRotation
0000a07e     281 (0000a040)     _PosMax

0000a080     282 (0000a080)     _MeanTimeFor360DegRotation
0000a082     282 (0000a080)     _AbsoluteRotorPosition
0000a084     282 (0000a080)     _CalculatedRotorPosition
0000a086     282 (0000a080)     _GenBusVoltageSummation
0000a088     282 (0000a080)     _VoltageControlCountFloatSample
0000a08a     282 (0000a080)     _CurrentSetpointAmps
0000a08c     282 (0000a080)     _T0ISRTestCountHold
0000a08e     282 (0000a080)     _GreenFallingToRisingCount
0000a090     282 (0000a080)     _GenBusVoltagePreviousAvg
0000a092     282 (0000a080)     _VoltageCorrectionVolts
0000a094     282 (0000a080)     _VoltageSetpointVolts
0000a096     282 (0000a080)     _MeanTimeFor60DegRotation
0000a098     282 (0000a080)     _SpeedCurrentSetpointMean
0000a09a     282 (0000a080)     _T0ISRTestCount
0000a09c     282 (0000a080)     _CurrentHysteresisAmps
0000a09e     282 (0000a080)     _YellowFallingToRisingCount
0000a0a0     282 (0000a080)     _ChopperPWMDuty
0000a0a2     282 (0000a080)     _ChopperDutyAvg
0000a0a4     282 (0000a080)     _LoadPowerHyst
0000a0a6     282 (0000a080)     _ChopperDutyCurrentPeriod
0000a0a8     282 (0000a080)     _ChopperOFFCountLastPeriod
0000a0aa     282 (0000a080)     _ChopperDutyLastPeriod
0000a0ac     282 (0000a080)     _CurrentSetpointAmpsRaw
0000a0ae     282 (0000a080)     _RPMSpeedError
0000a0b0     282 (0000a080)     _RPMSpeedSetpointInternal
0000a0b2     282 (0000a080)     _LoadPowerPWM
0000a0b4     282 (0000a080)     _RPMSpeedSetpoint
0000a0b6     282 (0000a080)     _Current4OffsetCount
0000a0b8     282 (0000a080)     _VoltageOffsetCount
0000a0ba     282 (0000a080)     _Current3OffsetCount
0000a0bc     282 (0000a080)     _Current1OffsetCount
0000a0be     282 (0000a080)     _Current2OffsetCount

0000a0c0     283 (0000a0c0)     _ChopperOFFCount
0000a0c2     283 (0000a0c0)     _ChopperONCountLastPeriod
0000a0c4     283 (0000a0c0)     _ChopperONCount
0000a0c6     283 (0000a0c0)     _ChopperTARGETCount
0000a0c8     283 (0000a0c0)     _ChopperTOTALCount
0000a0ca     283 (0000a0c0)     _FilteredVoltage
0000a0cc     283 (0000a0c0)     _FilteredVoltageLast
0000a0ce     283 (0000a0c0)     _RPMSpeedRampRate
0000a0d0     283 (0000a0c0)     _RPMSpeedSetpointRampError
0000a0d2     283 (0000a0c0)     _KiSpdGen
0000a0d4     283 (0000a0c0)     _IntegralTermVolt
0000a0d6     283 (0000a0c0)     _VoltageControlCountFloat
0000a0d8     283 (0000a0c0)     _KpVolt
0000a0da     283 (0000a0c0)     _KiVolt
0000a0dc     283 (0000a0c0)     _VoltageErrorCount
0000a0de     283 (0000a0c0)     _RPMCorrection
0000a0e0     283 (0000a0c0)     _KpSpd
0000a0e2     283 (0000a0c0)     _KpSpdGen
0000a0e4     283 (0000a0c0)     _IntegralTermSpd
0000a0e6     283 (0000a0c0)     _KiSpd
0000a0e8     283 (0000a0c0)     _CpuTimer1
0000a0f0     283 (0000a0c0)     _CpuTimer0
0000a0f8     283 (0000a0c0)     _CpuTimer2

0000a100     284 (0000a100)     _Current2
0000a10a     284 (0000a100)     _Current1
0000a114     284 (0000a100)     _SpeedCurrentSetpoint
0000a11e     284 (0000a100)     _Current4
0000a128     284 (0000a100)     _Voltage1
0000a132     284 (0000a100)     _Current3

0000a140     285 (0000a140)     _PhaseCOnCount
0000a14a     285 (0000a140)     _PhaseDOnCount
0000a154     285 (0000a140)     _PhaseAOnCount
0000a15e     285 (0000a140)     _PhaseBOnCount
0000a168     285 (0000a140)     _Voltage1Volts

0000a180     286 (0000a180)     _Current2Amps
0000a194     286 (0000a180)     _Current1Amps
0000a1a8     286 (0000a180)     _Current4Amps

0000a1c0     287 (0000a1c0)     _Current3Amps

0000a200     288 (0000a200)     _Current4Actual

0000a600     298 (0000a600)     _VoltageActual

0000aa00     2a8 (0000aa00)     _Current2Actual

0000ae00     2b8 (0000ae00)     _Current3Actual

0000b200     2c8 (0000b200)     _Current1Actual

0000b600     2d8 (0000b600)     _PosMaxArray

0000bdd0     2f7 (0000bdc0)     ___TI_cleanup_ptr
0000bdd2     2f7 (0000bdc0)     ___TI_dtors_ptr
0000bdd4     2f7 (0000bdc0)     __lock
0000bdd6     2f7 (0000bdc0)     __unlock
0000bdd8     2f7 (0000bdc0)     _PieVectTableInit

0000bed8     2fb (0000bec0)     _MainMode
0000beda     2fb (0000bec0)     _PI
0000bedc     2fb (0000bec0)     _t_CPU_T0_ISR
0000bede     2fb (0000bec0)     _LoadResistance

003d7e80    f5fa (003d7e80)     _PartIdRegs

003f7ff8    fdff (003f7fc0)     _CsmPwl


GLOBAL SYMBOLS: SORTED ALPHABETICALLY BY Name 

page  address   name                           
----  -------   ----                           
0     00008000  .text                          
0     00009a67  C$$EXIT                        
0     00009a80  FS$$DIV                        
0     00009a2c  I$$DIV                         
0     00009a3d  I$$MOD                         
0     00009455  _ADCINT1_ISR                   
0     0000945f  _ADCINT2_ISR                   
0     00009667  _ADCINT3_ISR                   
0     00009671  _ADCINT4_ISR                   
0     0000967b  _ADCINT5_ISR                   
0     00009685  _ADCINT6_ISR                   
0     0000968f  _ADCINT7_ISR                   
0     00009699  _ADCINT8_ISR                   
0     0000947d  _ADCINT9_ISR                   
1     0000a082  _AbsoluteRotorPosition         
1     00007100  _AdcRegs                       
1     00000b00  _AdcResult                     
0     000096a3  _CLA1_INT1_ISR                 
0     000096ad  _CLA1_INT2_ISR                 
0     000096b7  _CLA1_INT3_ISR                 
0     000096c1  _CLA1_INT4_ISR                 
0     000096cb  _CLA1_INT5_ISR                 
0     000096d5  _CLA1_INT6_ISR                 
0     000096df  _CLA1_INT7_ISR                 
0     000096e9  _CLA1_INT8_ISR                 
1     0000a084  _CalculatedRotorPosition       
1     0000a0a2  _ChopperDutyAvg                
1     0000a0a6  _ChopperDutyCurrentPeriod      
1     0000a0aa  _ChopperDutyLastPeriod         
1     0000a0c0  _ChopperOFFCount               
1     0000a0a8  _ChopperOFFCountLastPeriod     
1     0000a0c4  _ChopperONCount                
1     0000a0c2  _ChopperONCountLastPeriod      
1     0000a0a0  _ChopperPWMDuty                
1     0000a052  _ChopperPWMDutyCurrentAvg      
1     0000a050  _ChopperPWMDutyFinalAvg        
1     0000a04e  _ChopperPWMDutyPreviousAvg     
1     0000a056  _ChopperPWMDutySumCount        
1     0000a054  _ChopperPWMDutySummation       
1     0000a0c6  _ChopperTARGETCount            
1     0000a0c8  _ChopperTOTALCount             
1     00001400  _Cla1Regs                      
1     00006400  _Comp1Regs                     
1     00006420  _Comp2Regs                     
1     00006440  _Comp3Regs                     
0     0000935c  _ConfigCpuTimer                
1     0000a070  _CorrectedRPM                  
1     0000a0f0  _CpuTimer0                     
1     00000c00  _CpuTimer0Regs                 
1     0000a0e8  _CpuTimer1                     
1     00000c08  _CpuTimer1Regs                 
1     0000a0f8  _CpuTimer2                     
1     00000c10  _CpuTimer2Regs                 
1     003f7ff8  _CsmPwl                        
1     00000ae0  _CsmRegs                       
0     00009837  _CsmUnlock                     
1     0000a10a  _Current1                      
1     0000b200  _Current1Actual                
1     0000a03f  _Current1ActualIndex           
1     0000a194  _Current1Amps                  
1     0000a033  _Current1BuffIndex             
1     0000a023  _Current1HighCount             
1     0000a0bc  _Current1OffsetCount           
1     0000a01c  _Current1SetpointReachedRegen  
1     0000a100  _Current2                      
1     0000aa00  _Current2Actual                
1     0000a044  _Current2ActualIndex           
1     0000a180  _Current2Amps                  
1     0000a030  _Current2BuffIndex             
1     0000a021  _Current2HighCount             
1     0000a0be  _Current2OffsetCount           
1     0000a01a  _Current2SetpointReachedRegen  
1     0000a132  _Current3                      
1     0000ae00  _Current3Actual                
1     0000a043  _Current3ActualIndex           
1     0000a1c0  _Current3Amps                  
1     0000a031  _Current3BuffIndex             
1     0000a022  _Current3HighCount             
1     0000a0ba  _Current3OffsetCount           
1     0000a018  _Current3SetpointReachedRegen  
1     0000a11e  _Current4                      
1     0000a200  _Current4Actual                
1     0000a011  _Current4ActualIndex           
1     0000a1a8  _Current4Amps                  
1     0000a036  _Current4BuffIndex             
1     0000a020  _Current4HighCount             
1     0000a0b6  _Current4OffsetCount           
1     0000a019  _Current4SetpointReachedRegen  
1     0000a09c  _CurrentHysteresisAmps         
1     0000a006  _CurrentHysteresisCount        
1     0000a074  _CurrentLimit                  
1     0000a08a  _CurrentSetpointAmps           
1     0000a0ac  _CurrentSetpointAmpsRaw        
1     0000a025  _CurrentSetpointCount          
1     0000a02f  _CurrentSetpointCount1         
1     0000a02a  _CurrentSetpointCount1Old      
1     0000a02d  _CurrentSetpointCount2         
1     0000a02b  _CurrentSetpointCount2Old      
1     0000a02e  _CurrentSetpointCount3         
1     0000a01d  _CurrentSetpointCount3Old      
1     0000a02c  _CurrentSetpointCount4         
1     0000a01b  _CurrentSetpointCount4Old      
0     000093ab  _DATALOG_ISR                   
0     000095db  _DINTCH1_ISR                   
0     000095e5  _DINTCH2_ISR                   
0     000095ef  _DINTCH3_ISR                   
0     000095f9  _DINTCH4_ISR                   
0     00009603  _DINTCH5_ISR                   
0     0000960d  _DINTCH6_ISR                   
0     000002e6  _DSP28x_usDelay                
1     00000880  _DevEmuRegs                    
1     0000a03a  _Dir                           
0     00009756  _DisableDog                    
1     00001000  _DmaRegs                       
0     00009653  _ECAN0INTA_ISR                 
0     0000965d  _ECAN1INTA_ISR                 
0     0000953b  _ECAP1_INT_ISR                 
0     00009545  _ECAP2_INT_ISR                 
0     0000954f  _ECAP3_INT_ISR                 
1     00006040  _ECanaLAMRegs                  
1     000060c0  _ECanaMOTORegs                 
1     00006080  _ECanaMOTSRegs                 
1     00006100  _ECanaMboxes                   
1     00006000  _ECanaRegs                     
1     00006a00  _ECap1Regs                     
1     00006a20  _ECap2Regs                     
1     00006a40  _ECap3Regs                     
0     00009711  _EMPTY_ISR                     
0     000093bf  _EMUINT_ISR                    
0     000094eb  _EPWM1_INT_ISR                 
0     0000949b  _EPWM1_TZINT_ISR               
0     000094f5  _EPWM2_INT_ISR                 
0     000094a5  _EPWM2_TZINT_ISR               
0     000094ff  _EPWM3_INT_ISR                 
0     000094af  _EPWM3_TZINT_ISR               
0     00009509  _EPWM4_INT_ISR                 
0     000094b9  _EPWM4_TZINT_ISR               
0     00009513  _EPWM5_INT_ISR                 
0     000094c3  _EPWM5_TZINT_ISR               
0     0000951d  _EPWM6_INT_ISR                 
0     000094cd  _EPWM6_TZINT_ISR               
0     00009527  _EPWM7_INT_ISR                 
0     000094d7  _EPWM7_TZINT_ISR               
0     00009531  _EPWM8_INT_ISR                 
0     000094e1  _EPWM8_TZINT_ISR               
1     00006800  _EPwm1Regs                     
1     00006840  _EPwm2Regs                     
1     00006880  _EPwm3Regs                     
1     000068c0  _EPwm4Regs                     
1     00006900  _EPwm5Regs                     
1     00006940  _EPwm6Regs                     
1     00006980  _EPwm7Regs                     
1     000069c0  _EPwm8Regs                     
0     0000956d  _EQEP1_INT_ISR                 
0     00009577  _EQEP2_INT_ISR                 
1     00006b00  _EQep1Regs                     
1     00006b40  _EQep2Regs                     
1     00000d01  _EmuBMode                      
1     00000d00  _EmuKey                        
0     000099fb  _EnableInterrupts              
0     000098a8  _ExtOscSel                     
1     0000a0ca  _FilteredVoltage               
1     0000a0cc  _FilteredVoltageLast           
1     00000a80  _FlashRegs                     
1     00000d04  _Flash_CPUScaleFactor          
1     00000d02  _Flash_CallbackPtr             
1     0000a04a  _GearRatio                     
1     0000a090  _GenBusVoltagePreviousAvg      
1     0000a086  _GenBusVoltageSummation        
1     00006f80  _GpioCtrlRegs                  
1     00006fc0  _GpioDataRegs                  
1     00006fe0  _GpioIntRegs                   
1     0000a041  _GreenCount                    
1     0000a015  _GreenFallingCount             
1     0000a00e  _GreenFallingEdge              
1     0000a08e  _GreenFallingToRisingCount     
1     0000a00b  _GreenLEDSensor                
1     0000a000  _GreenLEDSensorOldValue        
1     0000a05e  _GreenOFFCount                 
1     0000a060  _GreenONCount                  
1     0000a014  _GreenRisingCount              
1     0000a00d  _GreenRisingEdge               
1     0000a046  _GreenRisingToFallingCount     
1     0000a03e  _GreenRisingToRisingCount      
0     00009559  _HRCAP1_INT_ISR                
0     00009563  _HRCAP2_INT_ISR                
0     00009581  _HRCAP3_INT_ISR                
0     0000958b  _HRCAP4_INT_ISR                
1     00006ac0  _HRCap1Regs                    
1     00006ae0  _HRCap2Regs                    
1     00006c80  _HRCap3Regs                    
1     00006ca0  _HRCap4Regs                    
1     0000a01e  _HardChop1Count                
0     00009617  _I2CINT1A_ISR                  
0     00009621  _I2CINT2A_ISR                  
1     00007900  _I2caRegs                      
0     000093d3  _ILLEGAL_ISR                   
0     00009397  _INT13_ISR                     
0     000093a1  _INT14_ISR                     
0     00009321  _InitCpuTimers                 
0     000098be  _InitEPwm                      
0     000091a8  _InitEPwm1Example              
0     000098d0  _InitEPwm1Gpio                 
0     000091f5  _InitEPwm2Example              
0     000098e2  _InitEPwm2Gpio                 
0     00009240  _InitEPwm3Example              
0     000098f4  _InitEPwm3Gpio                 
0     0000928b  _InitEPwm4Example              
0     00009908  _InitEPwm4Gpio                 
0     000092d6  _InitEPwm5Example              
0     0000991c  _InitEPwm5Gpio                 
0     0000992e  _InitEPwm6Gpio                 
0     00009940  _InitEPwm7Gpio                 
0     00009952  _InitEPwm8Gpio                 
0     000098bf  _InitEPwmGpio                  
0     00009964  _InitEPwmSyncGpio              
0     000097e1  _InitPeripheralClocks          
0     000099dc  _InitPieCtrl                   
0     00009a04  _InitPieVectTable              
0     0000975e  _InitPll                       
0     000097b3  _InitPll2                      
0     00009732  _InitSysCtrl                   
0     00009975  _InitTzGpio                    
0     00009868  _IntOsc1Sel                    
0     00009878  _IntOsc2Sel                    
1     0000a0e4  _IntegralTermSpd               
1     0000a0d4  _IntegralTermVolt              
1     0000a0e6  _KiSpd                         
1     0000a0d2  _KiSpdGen                      
1     0000a0da  _KiVolt                        
1     0000a0e0  _KpSpd                         
1     0000a0e2  _KpSpdGen                      
1     0000a0d8  _KpVolt                        
0     00009707  _LUF_ISR                       
0     000096fd  _LVF_ISR                       
1     0000a0a4  _LoadPowerHyst                 
1     0000a0b2  _LoadPowerPWM                  
1     0000bede  _LoadResistance                
1     0000a03b  _MPPTAuto                      
1     0000a06c  _MPPTConstant                  
1     0000a039  _MPPTHillClimb                 
1     0000a06e  _MPPTSpeedError                
0     000095c7  _MRINTA_ISR                    
0     000095d1  _MXINTA_ISR                    
1     0000bed8  _MainMode                      
1     00005000  _McbspaRegs                    
1     0000a07c  _MeanCountFor60DegRotation     
1     0000a080  _MeanTimeFor360DegRotation     
1     0000a096  _MeanTimeFor60DegRotation      
1     0000a00a  _Mode                          
0     000093c9  _NMI_ISR                       
1     00007060  _NmiIntruptRegs                
1     0000a038  _OldDir                        
1     0000a064  _OldLoadPowerPWM               
1     0000a06a  _OldRPMSpeedSetpoint           
1     0000beda  _PI                            
0     0000971e  _PIE_RESERVED                  
1     003d7e80  _PartIdRegs                    
1     0000a154  _PhaseAOnCount                 
1     0000a012  _PhaseAOnCountIndex            
1     0000a15e  _PhaseBOnCount                 
1     0000a013  _PhaseBOnCountIndex            
1     0000a140  _PhaseCOnCount                 
1     0000a005  _PhaseCOnCountIndex            
1     0000a14a  _PhaseDOnCount                 
1     0000a003  _PhaseDOnCountIndex            
1     00000ce0  _PieCtrlRegs                   
1     00000d00  _PieVectTable                  
1     0000bdd8  _PieVectTableInit              
1     0000a07e  _PosMax                        
1     0000b600  _PosMaxArray                   
1     0000a035  _PosMaxArrayIndex              
1     0000a07a  _Position64                    
1     0000a078  _RPM                           
1     0000a0de  _RPMCorrection                 
1     0000a0ae  _RPMSpeedError                 
1     0000a0ce  _RPMSpeedRampRate              
1     0000a0b4  _RPMSpeedSetpoint              
1     0000a0b0  _RPMSpeedSetpointInternal      
1     0000a0d0  _RPMSpeedSetpointRampError     
1     0000a072  _RPS                           
0     000093b5  _RTOSINT_ISR                   
1     0000a007  _RampCount                     
0     0000962b  _SCIRXINTA_ISR                 
0     0000963f  _SCIRXINTB_ISR                 
0     00009635  _SCITXINTA_ISR                 
0     00009649  _SCITXINTB_ISR                 
0     0000959f  _SPIRXINTA_ISR                 
0     000095b3  _SPIRXINTB_ISR                 
0     000095a9  _SPITXINTA_ISR                 
0     000095bd  _SPITXINTB_ISR                 
1     0000a03d  _Scan1s                        
1     00007050  _SciaRegs                      
1     00007750  _ScibRegs                      
0     0000974c  _ServiceDog                    
1     0000a034  _SetpointIndex                 
1     0000a01f  _SoftChop1Count                
1     0000a114  _SpeedCurrentSetpoint          
1     0000a098  _SpeedCurrentSetpointMean      
1     00007040  _SpiaRegs                      
1     00007740  _SpibRegs                      
1     00007010  _SysCtrlRegs                   
1     00000985  _SysPwrCtrlRegs                
1     0000a09a  _T0ISRTestCount                
1     0000a08c  _T0ISRTestCountHold            
0     00009487  _TINT0_ISR                     
1     0000a010  _TempIndex                     
1     0000a028  _TestVoltage                   
0     00009595  _USB0_INT_ISR                  
0     00009437  _USER10_ISR                    
0     00009441  _USER11_ISR                    
0     0000944b  _USER12_ISR                    
0     000093dd  _USER1_ISR                     
0     000093e7  _USER2_ISR                     
0     000093f1  _USER3_ISR                     
0     000093fb  _USER4_ISR                     
0     00009405  _USER5_ISR                     
0     0000940f  _USER6_ISR                     
0     00009419  _USER7_ISR                     
0     00009423  _USER8_ISR                     
0     0000942d  _USER9_ISR                     
1     00004000  _Usb0Regs                      
1     0000a128  _Voltage1                      
1     0000a037  _Voltage1BuffIndex             
1     0000a168  _Voltage1Volts                 
1     0000a600  _VoltageActual                 
1     0000a00f  _VoltageActualIndex            
1     0000a0d6  _VoltageControlCountFloat      
1     0000a088  _VoltageControlCountFloatSample
1     0000a027  _VoltageControlCountInt        
1     0000a026  _VoltageCorrectionCount        
1     0000a092  _VoltageCorrectionVolts        
1     0000a0dc  _VoltageErrorCount             
1     0000a008  _VoltageHysteresisCount        
1     0000a076  _VoltageHysteresisVolts        
1     0000a0b8  _VoltageOffsetCount            
1     0000a029  _VoltageSetpointCount          
1     0000a094  _VoltageSetpointVolts          
0     00009491  _WAKEINT_ISR                   
1     0000a058  _WTLamda                       
1     0000a04c  _WTRadius                      
1     0000a05a  _WindSpeed                     
1     0000a032  _WindSpeedIn                   
1     0000a066  _WindSpeedv1                   
1     0000a068  _WindSpeedv2                   
0     00009469  _XINT1_ISR                     
0     00009473  _XINT2_ISR                     
0     000096f3  _XINT3_ISR                     
1     00007070  _XIntruptRegs                  
0     0000988c  _XtalOscSel                    
1     0000a042  _YellowCount                   
1     0000a016  _YellowFallingCount            
1     0000a00c  _YellowFallingEdge             
1     0000a09e  _YellowFallingToRisingCount    
1     0000a009  _YellowLEDSensor               
1     0000a001  _YellowLEDSensorOldValue       
1     0000a05c  _YellowOFFCount                
1     0000a062  _YellowONCount                 
1     0000a002  _YellowRisingCount             
1     0000a017  _YellowRisingEdge              
1     0000a048  _YellowRisingToFallingCount    
1     0000a040  _YellowRisingToRisingCount     
1     00000600  __STACK_END                    
abs   00000200  __STACK_SIZE                   
1     0000bdd0  ___TI_cleanup_ptr              
1     0000bdd2  ___TI_dtors_ptr                
abs   ffffffff  ___binit__                     
abs   ffffffff  ___c_args__                    
0     00000050  ___cinit__                     
0     00009aaa  ___etext__                     
abs   ffffffff  ___pinit__                     
0     00008000  ___text__                      
0     00009a4e  __args_main                    
1     0000bdd4  __lock                         
0     00009aa1  __nop                          
0     00009a9d  __register_lock                
0     00009a99  __register_unlock              
1     00000400  __stack                        
1     0000bdd6  __unlock                       
0     00009a67  _abort                         
0     00008069  _adc_isr1                      
0     00009996  _c_int00                       
1     0000a024  _count                         
1     0000a03c  _count5s                       
0     0000854c  _cpu_timer0_isr                
0     00008bdf  _cpu_timer1_isr                
0     00008e24  _cpu_timer2_isr                
0     00008000  _epwm1_isr                     
0     00008015  _epwm2_isr                     
0     0000802a  _epwm3_isr                     
0     0000803f  _epwm4_isr                     
0     00008054  _epwm5_isr                     
0     00009a69  _exit                          
1     0000a004  _i                             
0     00008e38  _main                          
0     00009728  _rsvd_ISR                      
1     0000bedc  _t_CPU_T0_ISR                  
abs   ffffffff  binit                          
0     00000050  cinit                          
0     00000000  code_start                     
0     00009aaa  etext                          
abs   ffffffff  pinit                          


GLOBAL SYMBOLS: SORTED BY Symbol Address 

page  address   name                           
----  -------   ----                           
0     00000000  code_start                     
0     00000050  ___cinit__                     
0     00000050  cinit                          
0     000002e6  _DSP28x_usDelay                
0     00008000  .text                          
0     00008000  ___text__                      
0     00008000  _epwm1_isr                     
0     00008015  _epwm2_isr                     
0     0000802a  _epwm3_isr                     
0     0000803f  _epwm4_isr                     
0     00008054  _epwm5_isr                     
0     00008069  _adc_isr1                      
0     0000854c  _cpu_timer0_isr                
0     00008bdf  _cpu_timer1_isr                
0     00008e24  _cpu_timer2_isr                
0     00008e38  _main                          
0     000091a8  _InitEPwm1Example              
0     000091f5  _InitEPwm2Example              
0     00009240  _InitEPwm3Example              
0     0000928b  _InitEPwm4Example              
0     000092d6  _InitEPwm5Example              
0     00009321  _InitCpuTimers                 
0     0000935c  _ConfigCpuTimer                
0     00009397  _INT13_ISR                     
0     000093a1  _INT14_ISR                     
0     000093ab  _DATALOG_ISR                   
0     000093b5  _RTOSINT_ISR                   
0     000093bf  _EMUINT_ISR                    
0     000093c9  _NMI_ISR                       
0     000093d3  _ILLEGAL_ISR                   
0     000093dd  _USER1_ISR                     
0     000093e7  _USER2_ISR                     
0     000093f1  _USER3_ISR                     
0     000093fb  _USER4_ISR                     
0     00009405  _USER5_ISR                     
0     0000940f  _USER6_ISR                     
0     00009419  _USER7_ISR                     
0     00009423  _USER8_ISR                     
0     0000942d  _USER9_ISR                     
0     00009437  _USER10_ISR                    
0     00009441  _USER11_ISR                    
0     0000944b  _USER12_ISR                    
0     00009455  _ADCINT1_ISR                   
0     0000945f  _ADCINT2_ISR                   
0     00009469  _XINT1_ISR                     
0     00009473  _XINT2_ISR                     
0     0000947d  _ADCINT9_ISR                   
0     00009487  _TINT0_ISR                     
0     00009491  _WAKEINT_ISR                   
0     0000949b  _EPWM1_TZINT_ISR               
0     000094a5  _EPWM2_TZINT_ISR               
0     000094af  _EPWM3_TZINT_ISR               
0     000094b9  _EPWM4_TZINT_ISR               
0     000094c3  _EPWM5_TZINT_ISR               
0     000094cd  _EPWM6_TZINT_ISR               
0     000094d7  _EPWM7_TZINT_ISR               
0     000094e1  _EPWM8_TZINT_ISR               
0     000094eb  _EPWM1_INT_ISR                 
0     000094f5  _EPWM2_INT_ISR                 
0     000094ff  _EPWM3_INT_ISR                 
0     00009509  _EPWM4_INT_ISR                 
0     00009513  _EPWM5_INT_ISR                 
0     0000951d  _EPWM6_INT_ISR                 
0     00009527  _EPWM7_INT_ISR                 
0     00009531  _EPWM8_INT_ISR                 
0     0000953b  _ECAP1_INT_ISR                 
0     00009545  _ECAP2_INT_ISR                 
0     0000954f  _ECAP3_INT_ISR                 
0     00009559  _HRCAP1_INT_ISR                
0     00009563  _HRCAP2_INT_ISR                
0     0000956d  _EQEP1_INT_ISR                 
0     00009577  _EQEP2_INT_ISR                 
0     00009581  _HRCAP3_INT_ISR                
0     0000958b  _HRCAP4_INT_ISR                
0     00009595  _USB0_INT_ISR                  
0     0000959f  _SPIRXINTA_ISR                 
0     000095a9  _SPITXINTA_ISR                 
0     000095b3  _SPIRXINTB_ISR                 
0     000095bd  _SPITXINTB_ISR                 
0     000095c7  _MRINTA_ISR                    
0     000095d1  _MXINTA_ISR                    
0     000095db  _DINTCH1_ISR                   
0     000095e5  _DINTCH2_ISR                   
0     000095ef  _DINTCH3_ISR                   
0     000095f9  _DINTCH4_ISR                   
0     00009603  _DINTCH5_ISR                   
0     0000960d  _DINTCH6_ISR                   
0     00009617  _I2CINT1A_ISR                  
0     00009621  _I2CINT2A_ISR                  
0     0000962b  _SCIRXINTA_ISR                 
0     00009635  _SCITXINTA_ISR                 
0     0000963f  _SCIRXINTB_ISR                 
0     00009649  _SCITXINTB_ISR                 
0     00009653  _ECAN0INTA_ISR                 
0     0000965d  _ECAN1INTA_ISR                 
0     00009667  _ADCINT3_ISR                   
0     00009671  _ADCINT4_ISR                   
0     0000967b  _ADCINT5_ISR                   
0     00009685  _ADCINT6_ISR                   
0     0000968f  _ADCINT7_ISR                   
0     00009699  _ADCINT8_ISR                   
0     000096a3  _CLA1_INT1_ISR                 
0     000096ad  _CLA1_INT2_ISR                 
0     000096b7  _CLA1_INT3_ISR                 
0     000096c1  _CLA1_INT4_ISR                 
0     000096cb  _CLA1_INT5_ISR                 
0     000096d5  _CLA1_INT6_ISR                 
0     000096df  _CLA1_INT7_ISR                 
0     000096e9  _CLA1_INT8_ISR                 
0     000096f3  _XINT3_ISR                     
0     000096fd  _LVF_ISR                       
0     00009707  _LUF_ISR                       
0     00009711  _EMPTY_ISR                     
0     0000971e  _PIE_RESERVED                  
0     00009728  _rsvd_ISR                      
0     00009732  _InitSysCtrl                   
0     0000974c  _ServiceDog                    
0     00009756  _DisableDog                    
0     0000975e  _InitPll                       
0     000097b3  _InitPll2                      
0     000097e1  _InitPeripheralClocks          
0     00009837  _CsmUnlock                     
0     00009868  _IntOsc1Sel                    
0     00009878  _IntOsc2Sel                    
0     0000988c  _XtalOscSel                    
0     000098a8  _ExtOscSel                     
0     000098be  _InitEPwm                      
0     000098bf  _InitEPwmGpio                  
0     000098d0  _InitEPwm1Gpio                 
0     000098e2  _InitEPwm2Gpio                 
0     000098f4  _InitEPwm3Gpio                 
0     00009908  _InitEPwm4Gpio                 
0     0000991c  _InitEPwm5Gpio                 
0     0000992e  _InitEPwm6Gpio                 
0     00009940  _InitEPwm7Gpio                 
0     00009952  _InitEPwm8Gpio                 
0     00009964  _InitEPwmSyncGpio              
0     00009975  _InitTzGpio                    
0     00009996  _c_int00                       
0     000099dc  _InitPieCtrl                   
0     000099fb  _EnableInterrupts              
0     00009a04  _InitPieVectTable              
0     00009a2c  I$$DIV                         
0     00009a3d  I$$MOD                         
0     00009a4e  __args_main                    
0     00009a67  C$$EXIT                        
0     00009a67  _abort                         
0     00009a69  _exit                          
0     00009a80  FS$$DIV                        
0     00009a99  __register_unlock              
0     00009a9d  __register_lock                
0     00009aa1  __nop                          
0     00009aaa  ___etext__                     
0     00009aaa  etext                          
1     00000400  __stack                        
1     00000600  __STACK_END                    
1     00000880  _DevEmuRegs                    
1     00000985  _SysPwrCtrlRegs                
1     00000a80  _FlashRegs                     
1     00000ae0  _CsmRegs                       
1     00000b00  _AdcResult                     
1     00000c00  _CpuTimer0Regs                 
1     00000c08  _CpuTimer1Regs                 
1     00000c10  _CpuTimer2Regs                 
1     00000ce0  _PieCtrlRegs                   
1     00000d00  _EmuKey                        
1     00000d00  _PieVectTable                  
1     00000d01  _EmuBMode                      
1     00000d02  _Flash_CallbackPtr             
1     00000d04  _Flash_CPUScaleFactor          
1     00001000  _DmaRegs                       
1     00001400  _Cla1Regs                      
1     00004000  _Usb0Regs                      
1     00005000  _McbspaRegs                    
1     00006000  _ECanaRegs                     
1     00006040  _ECanaLAMRegs                  
1     00006080  _ECanaMOTSRegs                 
1     000060c0  _ECanaMOTORegs                 
1     00006100  _ECanaMboxes                   
1     00006400  _Comp1Regs                     
1     00006420  _Comp2Regs                     
1     00006440  _Comp3Regs                     
1     00006800  _EPwm1Regs                     
1     00006840  _EPwm2Regs                     
1     00006880  _EPwm3Regs                     
1     000068c0  _EPwm4Regs                     
1     00006900  _EPwm5Regs                     
1     00006940  _EPwm6Regs                     
1     00006980  _EPwm7Regs                     
1     000069c0  _EPwm8Regs                     
1     00006a00  _ECap1Regs                     
1     00006a20  _ECap2Regs                     
1     00006a40  _ECap3Regs                     
1     00006ac0  _HRCap1Regs                    
1     00006ae0  _HRCap2Regs                    
1     00006b00  _EQep1Regs                     
1     00006b40  _EQep2Regs                     
1     00006c80  _HRCap3Regs                    
1     00006ca0  _HRCap4Regs                    
1     00006f80  _GpioCtrlRegs                  
1     00006fc0  _GpioDataRegs                  
1     00006fe0  _GpioIntRegs                   
1     00007010  _SysCtrlRegs                   
1     00007040  _SpiaRegs                      
1     00007050  _SciaRegs                      
1     00007060  _NmiIntruptRegs                
1     00007070  _XIntruptRegs                  
1     00007100  _AdcRegs                       
1     00007740  _SpibRegs                      
1     00007750  _ScibRegs                      
1     00007900  _I2caRegs                      
1     0000a000  _GreenLEDSensorOldValue        
1     0000a001  _YellowLEDSensorOldValue       
1     0000a002  _YellowRisingCount             
1     0000a003  _PhaseDOnCountIndex            
1     0000a004  _i                             
1     0000a005  _PhaseCOnCountIndex            
1     0000a006  _CurrentHysteresisCount        
1     0000a007  _RampCount                     
1     0000a008  _VoltageHysteresisCount        
1     0000a009  _YellowLEDSensor               
1     0000a00a  _Mode                          
1     0000a00b  _GreenLEDSensor                
1     0000a00c  _YellowFallingEdge             
1     0000a00d  _GreenRisingEdge               
1     0000a00e  _GreenFallingEdge              
1     0000a00f  _VoltageActualIndex            
1     0000a010  _TempIndex                     
1     0000a011  _Current4ActualIndex           
1     0000a012  _PhaseAOnCountIndex            
1     0000a013  _PhaseBOnCountIndex            
1     0000a014  _GreenRisingCount              
1     0000a015  _GreenFallingCount             
1     0000a016  _YellowFallingCount            
1     0000a017  _YellowRisingEdge              
1     0000a018  _Current3SetpointReachedRegen  
1     0000a019  _Current4SetpointReachedRegen  
1     0000a01a  _Current2SetpointReachedRegen  
1     0000a01b  _CurrentSetpointCount4Old      
1     0000a01c  _Current1SetpointReachedRegen  
1     0000a01d  _CurrentSetpointCount3Old      
1     0000a01e  _HardChop1Count                
1     0000a01f  _SoftChop1Count                
1     0000a020  _Current4HighCount             
1     0000a021  _Current2HighCount             
1     0000a022  _Current3HighCount             
1     0000a023  _Current1HighCount             
1     0000a024  _count                         
1     0000a025  _CurrentSetpointCount          
1     0000a026  _VoltageCorrectionCount        
1     0000a027  _VoltageControlCountInt        
1     0000a028  _TestVoltage                   
1     0000a029  _VoltageSetpointCount          
1     0000a02a  _CurrentSetpointCount1Old      
1     0000a02b  _CurrentSetpointCount2Old      
1     0000a02c  _CurrentSetpointCount4         
1     0000a02d  _CurrentSetpointCount2         
1     0000a02e  _CurrentSetpointCount3         
1     0000a02f  _CurrentSetpointCount1         
1     0000a030  _Current2BuffIndex             
1     0000a031  _Current3BuffIndex             
1     0000a032  _WindSpeedIn                   
1     0000a033  _Current1BuffIndex             
1     0000a034  _SetpointIndex                 
1     0000a035  _PosMaxArrayIndex              
1     0000a036  _Current4BuffIndex             
1     0000a037  _Voltage1BuffIndex             
1     0000a038  _OldDir                        
1     0000a039  _MPPTHillClimb                 
1     0000a03a  _Dir                           
1     0000a03b  _MPPTAuto                      
1     0000a03c  _count5s                       
1     0000a03d  _Scan1s                        
1     0000a03e  _GreenRisingToRisingCount      
1     0000a03f  _Current1ActualIndex           
1     0000a040  _YellowRisingToRisingCount     
1     0000a041  _GreenCount                    
1     0000a042  _YellowCount                   
1     0000a043  _Current3ActualIndex           
1     0000a044  _Current2ActualIndex           
1     0000a046  _GreenRisingToFallingCount     
1     0000a048  _YellowRisingToFallingCount    
1     0000a04a  _GearRatio                     
1     0000a04c  _WTRadius                      
1     0000a04e  _ChopperPWMDutyPreviousAvg     
1     0000a050  _ChopperPWMDutyFinalAvg        
1     0000a052  _ChopperPWMDutyCurrentAvg      
1     0000a054  _ChopperPWMDutySummation       
1     0000a056  _ChopperPWMDutySumCount        
1     0000a058  _WTLamda                       
1     0000a05a  _WindSpeed                     
1     0000a05c  _YellowOFFCount                
1     0000a05e  _GreenOFFCount                 
1     0000a060  _GreenONCount                  
1     0000a062  _YellowONCount                 
1     0000a064  _OldLoadPowerPWM               
1     0000a066  _WindSpeedv1                   
1     0000a068  _WindSpeedv2                   
1     0000a06a  _OldRPMSpeedSetpoint           
1     0000a06c  _MPPTConstant                  
1     0000a06e  _MPPTSpeedError                
1     0000a070  _CorrectedRPM                  
1     0000a072  _RPS                           
1     0000a074  _CurrentLimit                  
1     0000a076  _VoltageHysteresisVolts        
1     0000a078  _RPM                           
1     0000a07a  _Position64                    
1     0000a07c  _MeanCountFor60DegRotation     
1     0000a07e  _PosMax                        
1     0000a080  _MeanTimeFor360DegRotation     
1     0000a082  _AbsoluteRotorPosition         
1     0000a084  _CalculatedRotorPosition       
1     0000a086  _GenBusVoltageSummation        
1     0000a088  _VoltageControlCountFloatSample
1     0000a08a  _CurrentSetpointAmps           
1     0000a08c  _T0ISRTestCountHold            
1     0000a08e  _GreenFallingToRisingCount     
1     0000a090  _GenBusVoltagePreviousAvg      
1     0000a092  _VoltageCorrectionVolts        
1     0000a094  _VoltageSetpointVolts          
1     0000a096  _MeanTimeFor60DegRotation      
1     0000a098  _SpeedCurrentSetpointMean      
1     0000a09a  _T0ISRTestCount                
1     0000a09c  _CurrentHysteresisAmps         
1     0000a09e  _YellowFallingToRisingCount    
1     0000a0a0  _ChopperPWMDuty                
1     0000a0a2  _ChopperDutyAvg                
1     0000a0a4  _LoadPowerHyst                 
1     0000a0a6  _ChopperDutyCurrentPeriod      
1     0000a0a8  _ChopperOFFCountLastPeriod     
1     0000a0aa  _ChopperDutyLastPeriod         
1     0000a0ac  _CurrentSetpointAmpsRaw        
1     0000a0ae  _RPMSpeedError                 
1     0000a0b0  _RPMSpeedSetpointInternal      
1     0000a0b2  _LoadPowerPWM                  
1     0000a0b4  _RPMSpeedSetpoint              
1     0000a0b6  _Current4OffsetCount           
1     0000a0b8  _VoltageOffsetCount            
1     0000a0ba  _Current3OffsetCount           
1     0000a0bc  _Current1OffsetCount           
1     0000a0be  _Current2OffsetCount           
1     0000a0c0  _ChopperOFFCount               
1     0000a0c2  _ChopperONCountLastPeriod      
1     0000a0c4  _ChopperONCount                
1     0000a0c6  _ChopperTARGETCount            
1     0000a0c8  _ChopperTOTALCount             
1     0000a0ca  _FilteredVoltage               
1     0000a0cc  _FilteredVoltageLast           
1     0000a0ce  _RPMSpeedRampRate              
1     0000a0d0  _RPMSpeedSetpointRampError     
1     0000a0d2  _KiSpdGen                      
1     0000a0d4  _IntegralTermVolt              
1     0000a0d6  _VoltageControlCountFloat      
1     0000a0d8  _KpVolt                        
1     0000a0da  _KiVolt                        
1     0000a0dc  _VoltageErrorCount             
1     0000a0de  _RPMCorrection                 
1     0000a0e0  _KpSpd                         
1     0000a0e2  _KpSpdGen                      
1     0000a0e4  _IntegralTermSpd               
1     0000a0e6  _KiSpd                         
1     0000a0e8  _CpuTimer1                     
1     0000a0f0  _CpuTimer0                     
1     0000a0f8  _CpuTimer2                     
1     0000a100  _Current2                      
1     0000a10a  _Current1                      
1     0000a114  _SpeedCurrentSetpoint          
1     0000a11e  _Current4                      
1     0000a128  _Voltage1                      
1     0000a132  _Current3                      
1     0000a140  _PhaseCOnCount                 
1     0000a14a  _PhaseDOnCount                 
1     0000a154  _PhaseAOnCount                 
1     0000a15e  _PhaseBOnCount                 
1     0000a168  _Voltage1Volts                 
1     0000a180  _Current2Amps                  
1     0000a194  _Current1Amps                  
1     0000a1a8  _Current4Amps                  
1     0000a1c0  _Current3Amps                  
1     0000a200  _Current4Actual                
1     0000a600  _VoltageActual                 
1     0000aa00  _Current2Actual                
1     0000ae00  _Current3Actual                
1     0000b200  _Current1Actual                
1     0000b600  _PosMaxArray                   
1     0000bdd0  ___TI_cleanup_ptr              
1     0000bdd2  ___TI_dtors_ptr                
1     0000bdd4  __lock                         
1     0000bdd6  __unlock                       
1     0000bdd8  _PieVectTableInit              
1     0000bed8  _MainMode                      
1     0000beda  _PI                            
1     0000bedc  _t_CPU_T0_ISR                  
1     0000bede  _LoadResistance                
1     003d7e80  _PartIdRegs                    
1     003f7ff8  _CsmPwl                        
abs   00000200  __STACK_SIZE                   
abs   ffffffff  ___binit__                     
abs   ffffffff  ___c_args__                    
abs   ffffffff  ___pinit__                     
abs   ffffffff  binit                          
abs   ffffffff  pinit                          

[402 symbols]
